[2026-03-20 16:59:15 | sta=move]
{"sta":"move","uv":"(200,380)","reason":"Not at the elevator or inside the building yet. The frame shows the building entrance on the left; need to walk toward that door first. The chosen point lies on the visible walkable floor ahead-left toward the entrance and is a safe, locally reachable next waypoint to get inside and then to the right-side elevator."}

[2026-03-20 17:00:20 | sta=move]
{"sta":"move","uv":"(230,340)","reason":"Not finished — the instruction requires being at the elevator inside and to the right, but the current view is outside in front of the building entrance. The doors are visible slightly left of center; (230,340) is on the visible walkable floor directly leading toward the entrance, locally reachable and helpful for entering the building to then go right to the elevator."}

[2026-03-20 17:01:02 | sta=move]
{"sta":"move","uv":"(360,380)","reason":"Not finished: you are outside the building and the elevator (right inside) is not visible. Move toward the entrance first. Pixel (360,380) lies on the visible walkable floor just in front of the doorway, slightly to the right so you can enter and then turn right to find the elevator."}

[2026-03-20 17:01:55 | sta=move]
{"sta":"move","uv":"(380,380)","reason":"Not finished — frames show the building entrance from outside but the elevator (inside, on the right) is not visible and we are not inside. Selected a locally reachable walkable floor point just in front/right of the doorway (visible floor area) to approach and enter the building so we can then go right toward the elevator."}

[2026-03-20 17:02:27 | sta=move]
{"sta":"move","uv":"(360,380)","reason":"Not yet at the elevator — currently outside in front of the building entrance. Need to move onto the visible walkable floor at the door threshold to enter; this point (slightly right of center on the paved floor) is locally reachable, on the floor, and positions the agent to go through the door and then turn right to reach the elevator inside."}

[2026-03-20 17:02:55 | sta=move]
{"sta":"move","uv":"(350,380)","reason":"Instruction not complete — we are outside the building in front of the doors and the right-side elevator inside has not been reached. Target is on the visible walkable floor just before the entrance (slightly to the right of center) so we can enter the building and proceed to the elevator on the right. This point is locally reachable and helps progress directly toward the final goal."}

[2026-03-20 17:03:24 | sta=move]
{"sta":"move","uv":"(480,380)","reason":"Not finished: the elevator (to the right inside) is not yet reached — current view is just inside the doorway. Move onto the visible walkable floor slightly to the right of the entrance to head into the interior corridor where the elevator should be. Point (480,380) is on the visible floor inside, locally reachable and directs motion toward the right-side elevator location."}

[2026-03-20 17:03:52 | sta=move]
{"sta":"move","uv":"(520,360)","reason":"You are inside the building entry but not yet at the elevator on the right. The elevator area is to the right side of the lobby; choose a locally reachable point on the visible floor toward the right wall (lower-right region) to move closer and then approach the elevator. The selected pixel is on walkable floor, directs a rightward move toward the elevator, and is safe and helpful for completing the instruction."}

[2026-03-20 17:04:43 | sta=move]
{"sta":"move","uv":"(440,360)","reason":"Not yet stopped at the elevator on the right. The history shows we entered the building and the elevator is to the right inside, but current view faces center/stairs; pick a reachable point on the visible floor to the right of center (u>320) that moves toward the right-side elevator area. Point (440,360) is on the walkable floor, locally reachable and directs the agent toward the right interior where the elevator should be."}

[2026-03-20 17:05:05 | sta=move]
{"sta":"move","uv":"(460,380)","reason":"Not yet at the elevator. History shows I entered the building (frames 7-10) but the elevator area is to the right, partially occluded by the column. Pick a reachable floor point to the right-front (on visible walkable floor) to approach the right side interior and reveal/stop at the elevator."}

[2026-03-20 17:05:28 | sta=move | error=failed to parse uv]
{"sta":"move","uv":"(520.0,360.0)","reason":"You have entered the building but are not yet at the elevator on the right. The elevator is not visible from the current position (center/stairs ahead). Move to the visible walkable floor to the right of the pillar to approach the right-side elevator area — this local floor point (right side, close) is reachable and will position you to find/stop at the elevator."}

[2026-03-20 17:06:27 | sta=move]
{"sta":"move","uv":"(420,420)","reason":"Not finished: we are inside the building but not stopped at the elevator on the right. Current view shows stairs ahead and a large pillar on the right blocking the elevator area. Move to the visible walkable floor to the right (near the pillar base) to approach the right-side elevator — point chosen is on reachable floor, turns right and advances toward the likely elevator location."}

[2026-03-20 17:07:06 | sta=move]
{"sta":"move","uv":"(470,380)","reason":"You have entered the building (frames show the lobby and stairs), but you are not yet stopped at the elevator on the right. The elevator/doorway is visible to the right of the central stairs; pick a locally reachable walkable floor point to the right of the pillar to approach that elevator. (Point chosen advances right-and-forward toward the elevator area.)"}

[2026-03-20 17:07:54 | sta=move]
{"sta":"move","uv":"(520,380)","reason":"You have entered the building (frames 3-10) and the elevator is visible on the right in the current frame, but you are not yet stopped at it. Choose a nearby walkable floor point in front of the right elevator doors to move directly toward the elevator (pixel to the right of center on the floor)." }

[2026-03-20 17:08:33 | sta=move]
{"sta":"move","uv":"(500,360)","reason":"The right-side elevator doors are visible in the current frame but the agent is not yet positioned directly in front of them. Move a short distance to the right-forward walkable floor near the elevator doors to stop at the right elevator (pixel chosen on visible, reachable floor close to the elevator)."}

[2026-03-20 17:09:21 | sta=finish]
{"sta":"finish","uv":"(-1,-1)","reason":"The history shows entry into the building and the last frame is a close-up of the right-side elevator doors (agent is directly in front of the elevator). The instruction to stop at the right elevator inside the building is satisfied."}

