[2026-03-20 16:46:01 | sta=move]
{"sta":"move","uv":"(120,360)","reason":"Instruction not yet satisfied—still outside and elevator inside (right) is not visible. The door/entrance is to the left; chosen pixel (120,360) is on the visible walkable floor directly toward the building entrance and is locally reachable to approach and enter to find the right-side elevator."}

[2026-03-20 16:46:44 | sta=move]
{"sta":"move","uv":"(350,340)","reason":"Not yet inside the building or at the right-hand elevator — the view shows the building entrance ahead. Need to move toward the entrance first. Chosen pixel (350,340) lies on the visible walkable ground directly toward the doors (slightly right of center), is locally reachable and leads toward entering the building to then find the elevator at the right inside."}

[2026-03-20 16:47:11 | sta=move]
{"sta":"move","uv":"(180,330)","reason":"Not yet at the elevator inside the building — currently outside facing the building entrance. The chosen pixel (180,330) is on the visible walkable floor toward the main entrance (left of center) and is a local, reachable waypoint that moves you closer to entering the building to then find the right-side elevator."}

[2026-03-20 16:47:41 | sta=move]
{"sta":"move","uv":"(380,320)","reason":"Not finished: I am outside in front of the building entrance, not at the elevator inside on the right. The entrance is visible ahead-right. Chosen pixel (380,320) is on the visible walkable floor slightly right of center, locally reachable and directs movement toward the door so I can enter and then go to the right-hand elevator."}

[2026-03-20 16:48:11 | sta=move]
{"sta":"move","uv":"(330,300)","reason":"Current view shows the building entrance from outside; the instruction (stop at the elevator at the right inside) is not yet satisfied. Need to approach and enter the door first. The chosen pixel (330,300) lies on the visible walkable pavement directly in front of the entrance/doorway and is locally reachable and safe — it advances toward the building entrance so you can go inside and then turn right to find the elevator."}

[2026-03-20 16:48:48 | sta=move]
{"sta":"move","uv":"(470,380)","reason":"Not at the elevator yet — current view shows the building interior but no elevator doors in front of the agent. The dark recess/elevator area is to the right; need to move inside and turn right. The chosen pixel (u=470,v=380) lies on the visible walkable floor near the entrance toward the right interior, locally reachable and will steer the agent toward the elevator area."}

[2026-03-20 16:49:34 | sta=move]
{"sta":"move","uv":"(370,340)","reason":"Not yet at the specified elevator. The image shows an elevator bank ahead and the right elevator is slightly to the right of center; agent should move forward-right. Chosen point (370,340) is on the visible walkable floor directly in front of the right elevator, locally reachable and helpful to stop at that elevator."}

[2026-03-20 16:50:03 | sta=move]
{"sta":"move","uv":"(420,360)","reason":"Not yet stopped at the right-side elevator inside the target building. Elevator doors are visible ahead/right; need to move forward-right onto the floor toward those doors. Chosen point is on visible walkable floor, locally reachable, and leads directly to the right elevator."}

[2026-03-20 16:50:48 | sta=move]
{"sta":"move","uv":"(420,390)","reason":"Elevator doors are visible on the right side of the corridor; current position is still a short distance away. Move forward-right onto the visible floor ahead (point on floor near base of the right doors) to approach and stop at the right elevator inside the building."}

[2026-03-20 16:51:23 | sta=move]
{"sta":"move","uv":"(500,360)","reason":"The elevator doors are visible on the right but the agent is not yet positioned at the elevator entrance. Need to move forward-right onto the visible walkable floor in front of the right elevator. The chosen point (500,360) lies on the floor directly in front of the right elevator door and is locally reachable and helpful for completing the instruction (approach and stop at the elevator)." }

[2026-03-20 16:51:45 | sta=move]
{"sta":"move","uv":"(200,360)","reason":"Instruction not yet satisfied — I do not see a right-side elevator or an opposite building entrance in view. The image shows a close metal panel and a corridor opening to the left; I selected a nearby, visible walkable floor point (left-of-center, near the corridor) that is locally reachable and will move forward toward the building/entrance area to then locate the elevator on the right."}

[2026-03-20 16:52:02 | sta=move]
{"sta":"move","uv":"(200,420)","reason":"Not at the elevator — current view shows a close wall and corridor to the left, no elevator interior visible. Need to move forward-left into the corridor/opening to reach the opposite building and then approach the right-side elevator; chosen pixel is on visible walkable floor toward that opening and is locally reachable."}

[2026-03-20 16:52:19 | sta=move]
{"sta":"move","uv":"(100,420)","reason":"Not at the instructed elevator: image shows a close metal wall and a corridor to the left but not the right-side elevator inside a building. There is visible walkable floor in the lower-left of the frame (corridor direction). Move to (100,420) (left-bottom) to progress down the corridor toward the opposite building and reach the interior where the right elevator can be found."}

[2026-03-20 16:52:54 | sta=move]
{"sta":"move","uv":"(380,380)","reason":"Not yet at the right-side elevator — the reflective elevator area is visible on the right but I am not stopped at it. Need to move forward and slightly right to reach the elevator entrance. Chosen pixel (380,380) is on the visible walkable floor ahead-right, locally reachable and directs movement toward the elevator door."}

[2026-03-20 16:53:11 | sta=move]
{"sta":"move","uv":"(200,380)","reason":"The current view shows a large metal wall/column blocking the center and no clear view of the target elevator. The floor is visible and reachable at the lower-left; moving there (left and forward) will reveal more of the interior and allow approaching the right-side elevator inside the building."}

[2026-03-20 16:53:58 | sta=move]
{"sta":"move","uv":"(200,430)","reason":"Not yet at the right-side elevator — the frame shows a close-up metallic panel and reflections, not an elevator entrance. Move toward the visible walkable floor at the left-bottom (locally reachable) to progress toward the opposite building and then locate the right elevator."}

