[2026-03-15 21:17:38 | sta=move]
{"sta":"move","uv":"(322,370)","reason":"The current frame shows an indoor corridor-like scene with visible walkable floor extending forward and to the right. The instruction is to go out of the dorm and turn right to stop at a white trash can. The white trash can appears to be partially visible near the center-right in the scene (on or near the floor around where the chair and bags are). The instruction is not yet completed, as we are still inside or at the dorm exit area, and have not turned right to the trash can. The best next local target is on the floor near the direction of the white trash can, around pixel coordinates (322,370) to move closer and then stop at it."}

[2026-03-15 21:18:13 | sta=move]
{"sta":"move","uv":"(320,400)","reason":"Not yet outside the dorm or turned right; need to move forward on walkable floor visible in the current frame, towards the area with the white trash can visible ahead on the left side."}

[2026-03-15 21:18:47 | sta=finish]
{"sta":"finish","uv":"(-1,-1)","reason":"The last frame shows the white trash can straight ahead, indicating the agent is already at the stop position by the white trash can after turning right out of the dorm."}

[2026-03-15 21:25:00 | sta=move]
{"sta":"move","uv":"(320,400)","reason":"The agent is inside the dorm with a door visible ahead to go out. To complete the instruction, the agent should move forward toward the door to go out first, as the white trash can is likely outside after turning right."}

[2026-03-15 21:30:52 | sta=move]
{"sta":"move","uv":"(320,400)","reason":"The current view shows a corridor with a clear walkable floor ahead. The instruction is to go out of the dorm and turn right to stop near the white trash can. Since the image shows an indoor corridor possibly near the dorm exit, the next best local target is a spot forward on the walkable floor to progress towards the dorm exit and enable the right turn later."}

[2026-03-15 21:31:32 | sta=move]
{"sta":"move","uv":"(310,450)","reason":"The instruction 'go out of the dorm and turn right stop near the white trash can' is not yet completed. The last frame shows the white trash can near the left side but the viewpoint is still facing toward the dorm interior. To turn right and approach the white trash can, the next target should be on the floor slightly forward and right in the current frame, around pixel (310,450) to move closer toward the white trash can after turning right."}

[2026-03-15 21:32:06 | sta=move]
{"sta":"move","uv":"(320,380)","reason":"The instruction 'go out of the dorm and turn right stop near the white trash can' is not yet completed. The current view shows an indoor area with no visible white trash can or indication of being outside the dorm. The robot should move forward on the walkable floor area near the bottom center of the current frame, which is reachable and safe, to progress toward exiting the dorm and finding the trash can."}

[2026-03-15 21:32:46 | sta=move]
{"sta":"move","uv":"(320, 420)","reason":"The instruction is to go out of the dorm, turn right, and stop near the white trash can. The current frame shows an indoor scene with no visible white trash can outside. The previous frames show progression towards the exit and interior space, but we have not clearly reached or oriented towards the white trash can outside. The next target is on the visible walkable floor near the foreground center to continue moving forward and turn right towards the trash can area."}

[2026-03-15 21:33:09 | sta=move]
{"sta":"move","uv":"(320,400)","reason":"The instruction requires going out of the dorm, turning right, and stopping near a white trash can. The series of frames show movement inside the dorm and towards an exit, but the current location is near a white cylindrical object and a white trash can is visible on the far right side of the last frame. To proceed with the instruction, a local waypoint closer to the white trash can on the floor in the current frame around pixel (320,400) would be helpful to approach and complete the task."}

[2026-03-15 21:33:50 | sta=move]
{"sta":"move","uv":"(600,400)","reason":"The instruction requires going out of the dorm, turning right, and stopping near the white trash can. The current frame shows the participant near a white trash can but the view is blocked by a pillar and obstructed space. Movement is needed to navigate around the pillar to reach the visible white trash can on the floor space toward the right side of the frame. The pixel coordinate (600,400) targets a walkable floor area near the trash can."}

[2026-03-15 21:34:28 | sta=move]
{"sta":"move","uv":"(245,430)","reason":"The instruction requires going out of the dorm, turning right, and stopping near a white trash can. The current frame shows a white trash can on the floor near the bottom-left part of the image, indicating progress towards the goal. Movement should continue towards the floor area near the trash can to get closer and stop near it."}

[2026-03-15 21:35:22 | sta=move]
{"sta":"move","uv":"(320,430)","reason":"The current frame shows we are near a white trash can. However, we are not yet properly positioned 'near' it as per instruction. The floor in front of the trash can is walkable and reachable, so the next waypoint is set on the floor near the white trash can to complete the instruction."}

[2026-03-15 21:35:31 | sta=move]
{"sta":"move","uv":"(320,430)","reason":"The current frame shows a white trash can nearby on the floor, but the agent is not yet stopped near it. The instruction 'go out of the dorm and turn right stop near the white trash can' is not yet fully satisfied. Moving forward toward the white trash can, around the center bottom area where the floor is visible and walkable, is the next best step to complete the instruction."}

[2026-03-15 21:36:06 | sta=move]
{"sta":"move","uv":"(320,430)","reason":"The robot has exited the dormitory and turned right. The white trash can is visible in the current frame near the bottom center. The task is not yet completed, so the robot should move towards the white trash can, targeting the visible walkable floor space near it at pixel coordinates (320, 430)."}

[2026-03-15 21:36:21 | sta=move]
{"sta":"move","uv":"(320,440)","reason":"The instruction is not finished because the agent has not yet exited the dorm or turned right to reach the white trash can. The current frame shows a white trash container on the floor near the bottom left, which is likely the intended trash can. The agent should move closer to this white trash can near the bottom center (pixel around 320,440) to complete the instruction."}

[2026-03-15 21:36:31 | sta=move]
{"sta":"move","uv":"(320,420)","reason":"The instruction asks to go out of the dorm, turn right, and stop near the white trash can. Based on the frames, the view shows the white trash can in front and slightly to the right in the later frames. The agent is not yet near the white trash can, so more movement is needed toward the visible walkable floor area close to the trash can near the bottom center of the current frame."}

[2026-03-15 21:36:44 | sta=move]
{"sta":"move","uv":"(520,430)","reason":"The current frame shows the white trash can near the floor to the right, but the instruction also requires turning right after exiting the dorm and stopping near the white trash can. The current view looks like a kitchen or hallway area, so movement is still needed to fully align and approach the white trash can safely and properly after turning right."}

[2026-03-15 21:38:45 | sta=move]
{"sta":"move","uv":"(320,400)","reason":"The instruction requires going straight to the chair, turning right, and stopping near the white trash can. The chair is visible in the center-right of the image, positioned beyond the doorway. Next, movement straight ahead towards the chair on visible walkable floor is needed before turning right towards the trash can."}

[2026-03-15 21:39:04 | sta=move]
{"sta":"move","uv":"(320,420)","reason":"The instruction requires approaching the chair and turning right to stop near the white trash can. In the current frame, the chair and the trash can are visible ahead and to the right. The predicted target on the floor at (320,420) is centrally located and on walkable space, allowing further advancement directly toward the chair and closer positioning to then turn right as instructed."}

[2026-03-15 21:39:19 | sta=move]
{"sta":"move","uv":"(320,440)","reason":"The agent has moved towards the chair but has not yet turned right or stopped near the white trash can. The white trash can is visible on the right side of the frame near the floor, so moving closer to the visible walkable floor area near the trash can is the next step."}

[2026-03-15 21:39:52 | sta=move]
{"sta":"move","uv":"(320,400)","reason":"The current scene shows a chair visible ahead and to the right after going straight. The white trash can is not fully visible yet but should be near the chair. Move straight ahead toward the floor area visible in the current frame center-bottom to approach the chair, then turn right to reach near the white trash can."}

[2026-03-15 21:40:16 | sta=move]
{"sta":"move","uv":"(400,400)","reason":"The chair is visible in the earlier frames and the agent has moved straight towards it. Now the white trash can is visible in the current frame ahead, near the center-right side. To complete 'turn right and stop near the white trash can,' the agent needs to turn right and move closer to the trash can. The pixel at (400,400) is on the visible walkable floor near the trash can and reachable, which helps complete the instruction."}

[2026-03-15 21:40:37 | sta=move]
{"sta":"move","uv":"(310,380)","reason":"The instruction is to go straight to the chair, then turn right and stop near the white trash can. The chair is visible in the previous frames, but the current frame shows that the white trash can is ahead and slightly to the right. The agent is not yet near the white trash can, so movement is still required. The pixel coordinate (310, 380) on the floor near the white trash can in the current frame is a suitable local target for moving closer and aligning with the instruction."}

[2026-03-15 21:41:02 | sta=move]
{"sta":"move","uv":"(320,350)","reason":"The instruction requires moving straight to the chair then turning right and stopping near the white trash can. The last frames show the white trash can in view but the position is not reached yet. The best next local target is the walkable floor area just before the trash can, around the bottom center of the current frame, to help approach it safely and complete the instruction."}

[2026-03-15 21:41:21 | sta=move]
{"sta":"move","uv":"(320,420)","reason":"The current position appears near the white trash can but not yet turned right and stopped close to it. To complete the instruction, turn right near the white trash can and stop. The next target is on visible walkable floor to the right side near the trash can in the current frame."}

[2026-03-15 21:46:27 | sta=move]
{"sta":"move","uv":"(440,400)","reason":"The instruction requires going straight and turning right, then going straight to the white trash can. The current view shows a hallway with a visible walkable floor ahead and to the right. Moving towards the right side near the bottom-center of the frame is on the path to the white trash can visible near the chairs and cleaning products."}

[2026-03-15 21:47:41 | sta=move]
{"sta":"move","uv":"(320,400)","reason":"The instruction requires going straight and turning right towards a white trash can. The current view shows a corridor straight ahead, walkable floor is visible. No signs the turn right or white trash can area has been reached yet. Moving straight forward towards the hallway is the next helpful step."}

[2026-03-15 21:48:12 | sta=move]
{"sta":"move","uv":"(320,400)","reason":"Instruction is not yet finished as the user has not reached the white trash can; the trash can is visible on the right in the current frame. The next target should be on the walkable floor near the trash can to move closer and ultimately reach the goal."}

[2026-03-15 21:48:43 | sta=move]
{"sta":"move","uv":"(320,430)","reason":"The instruction to turn right and then go straight to the white trash can is not yet completed. The white trash can is partially visible near the bottom center of the current frame, so moving forward toward this area is appropriate."}

[2026-03-15 21:49:06 | sta=move]
{"sta":"move","uv":"(320,410)","reason":"The current instruction requires going straight and turning right, then proceeding straight to the white trash can. The trash can is not visible yet, so movement is still needed. The target pixel (320,410) is on the walkable floor ahead, allowing progress towards the eventual goal."}

[2026-03-15 21:49:29 | sta=finish]
{"sta":"finish","uv":"(-1,-1)","reason":"The last frame shows the white trash can clearly in the forward view, indicating the agent has reached the target and should stop."}

